#-----------------------------------------------------------
# Vivado v2023.1 (64-bit)
# SW Build 3865809 on Sun May  7 15:05:29 MDT 2023
# IP Build 3864474 on Sun May  7 20:36:21 MDT 2023
# SharedData Build 3865790 on Sun May 07 13:33:03 MDT 2023
# Start of session at: Tue Oct 24 09:45:24 2023
# Process ID: 14756
# Current directory: F:/Third Semester/Applied cryptography/Project/CipherForge--main/Verilog code/AES_Verilog/AES_Verilog.runs/synth_1
# Command line: vivado.exe -log aes.vds -product Vivado -mode batch -messageDb vivado.pb -notrace -source aes.tcl
# Log file: F:/Third Semester/Applied cryptography/Project/CipherForge--main/Verilog code/AES_Verilog/AES_Verilog.runs/synth_1/aes.vds
# Journal file: F:/Third Semester/Applied cryptography/Project/CipherForge--main/Verilog code/AES_Verilog/AES_Verilog.runs/synth_1\vivado.jou
# Running On: DESKTOP-RGNOUUR, OS: Windows, CPU Frequency: 2496 MHz, CPU Physical cores: 4, Host memory: 16945 MB
#-----------------------------------------------------------
source aes.tcl -notrace
